# Licensed to the Apache Software Foundation (ASF) under one or more
# contributor license agreements.  See the NOTICE file distributed with
# this work for additional information regarding copyright ownership.
# The ASF licenses this file to You under the Apache License, Version 2.0
# (the "License"); you may not use this file except in compliance with
# the License.  You may obtain a copy of the License at
#
#     http://www.apache.org/licenses/LICENSE-2.0
#
# Unless required by applicable law or agreed to in writing, software
# distributed under the License is distributed on an "AS IS" BASIS,
# WITHOUT WARRANTIES OR CONDITIONS OF ANY KIND, either express or implied.
# See the License for the specific language governing permissions and
# limitations under the License.

logs:
  {{- contains .logs }}
  - servicename: go-consumer
    serviceid: {{ b64enc "go-consumer" }}.1
    serviceinstancename: consumer1
    serviceinstanceid: {{ b64enc "go-consumer" }}.1_{{ b64enc "consumer1" }}
    endpointname: POST:/info
    endpointid: {{ b64enc "go-consumer" }}.1_{{ b64enc "POST:/info" }}
    traceid: {{ notEmpty .traceid }}
    timestamp: {{ gt .timestamp 0 }}
    contenttype: TEXT
    content: this is debug msg
    tags:
      {{- contains .tags }}
      - key: LEVEL
        value: debug
      - key: foo1
        value: bar1
      {{- end }}
  - servicename: go-consumer
    serviceid: {{ b64enc "go-consumer" }}.1
    serviceinstancename: consumer1
    serviceinstanceid: {{ b64enc "go-consumer" }}.1_{{ b64enc "consumer1" }}
    endpointname: POST:/info
    endpointid: {{ b64enc "go-consumer" }}.1_{{ b64enc "POST:/info" }}
    traceid: {{ notEmpty .traceid }}
    timestamp: {{ gt .timestamp 0 }}
    contenttype: TEXT
    content: this is info msg
    tags:
      {{- contains .tags }}
      - key: LEVEL
        value: info
      - key: foo2
        value: bar2
      {{- end }}
  - servicename: go-consumer
    serviceid: {{ b64enc "go-consumer" }}.1
    serviceinstancename: consumer1
    serviceinstanceid: {{ b64enc "go-consumer" }}.1_{{ b64enc "consumer1" }}
    endpointname: POST:/info
    endpointid: {{ b64enc "go-consumer" }}.1_{{ b64enc "POST:/info" }}
    traceid: {{ notEmpty .traceid }}
    timestamp: {{ gt .timestamp 0 }}
    contenttype: TEXT
    content: this is warn msg
    tags:
      {{- contains .tags }}
      - key: LEVEL
        value: warn
      - key: foo3
        value: bar3
      {{- end }}
  - servicename: go-consumer
    serviceid: {{ b64enc "go-consumer" }}.1
    serviceinstancename: consumer1
    serviceinstanceid: {{ b64enc "go-consumer" }}.1_{{ b64enc "consumer1" }}
    endpointname: POST:/info
    endpointid: {{ b64enc "go-consumer" }}.1_{{ b64enc "POST:/info" }}
    traceid: {{ notEmpty .traceid }}
    timestamp: {{ gt .timestamp 0 }}
    contenttype: TEXT
    content: this is error msg
    tags:
      {{- contains .tags }}
      - key: LEVEL
        value: error
      - key: foo4
        value: bar4
      {{- end }}
  {{- end }}
debuggingtrace: null
errorreason: null